// Jest Snapshot v1, https://goo.gl/fbAQLP

exports[`RelationBase creates: toObject 1`] = `
Object {
  "embedded": false,
  "entity": undefined,
  "field": undefined,
  "metadata": Object {
    "name": Object {
      "full": "RelatedTo",
      "normal": "",
      "short": "",
    },
    "persistence": Object {
      "embedded": false,
    },
    "verb": "RelatedTo",
  },
  "name": "RelatedTo",
  "opposite": undefined,
}
`;
