// Jest Snapshot v1, https://goo.gl/fbAQLP

exports[`BelongsTo default: toObject 1`] = `
Object {
  "belongsTo": "A#id",
  "entity": undefined,
  "field": undefined,
  "metadata": Object {
    "name": Object {
      "full": "BelongsTo",
      "normal": "",
      "short": "",
    },
    "persistence": Object {
      "embedded": false,
      "single": true,
      "stored": true,
    },
    "verb": "BelongsTo",
  },
  "name": "BelongsTo",
  "opposite": undefined,
}
`;
