// Jest Snapshot v1, https://goo.gl/fbAQLP

exports[`hasOne default: toObject 1`] = `
Object {
  "entity": undefined,
  "field": undefined,
  "hasOne": "id@A#id",
  "metadata": Object {
    "name": Object {
      "full": "HasOne",
      "normal": "",
      "short": "",
    },
    "persistence": Object {
      "embedded": false,
      "single": true,
      "stored": false,
    },
    "verb": "HasOne",
  },
  "name": "HasOne",
  "opposite": undefined,
}
`;
