// Jest Snapshot v1, https://goo.gl/fbAQLP

exports[`Directive default: toObject 1`] = `
Object {
  "args": Array [
    Object {
      "description": undefined,
      "metadata": Object {
        "defaultValue": "THIS PROP IS READ ONLY",
        "required": false,
      },
      "multiplicity": "one",
      "name": "message",
      "title": undefined,
      "type": Object {
        "name": "String",
        "type": "scalar",
      },
    },
  ],
  "description": undefined,
  "metadata": Object {},
  "name": "readOnly",
  "on": Array [
    "ENUM",
  ],
  "title": undefined,
}
`;

exports[`Directive merges on: merge 1`] = `
Object {
  "args": Array [],
  "description": undefined,
  "metadata": Object {},
  "name": "Dedupes",
  "on": Array [
    "INTERFACE",
    "FIELD_DEFINITION",
    "FIELD",
  ],
  "title": undefined,
}
`;
