// Jest Snapshot v1, https://goo.gl/fbAQLP

exports[`Query default: toObject 1`] = `
Object {
  "args": Array [
    Object {
      "description": undefined,
      "metadata": Object {
        "required": false,
      },
      "multiplicity": "one",
      "name": "disabled",
      "title": undefined,
      "type": Object {
        "multiplicity": "one",
        "name": "Boolean",
        "type": "scalar",
      },
    },
  ],
  "description": undefined,
  "metadata": Object {
    "acl": Object {
      "execute": Array [],
    },
  },
  "name": "getAllUsersThat",
  "payload": Array [
    Object {
      "description": undefined,
      "metadata": Object {
        "required": true,
      },
      "multiplicity": "many",
      "name": "id",
      "title": undefined,
      "type": Object {
        "name": "String",
        "type": "scalar",
      },
    },
  ],
  "title": undefined,
}
`;
