// Jest Snapshot v1, https://goo.gl/fbAQLP

exports[`RelationFieldBase default: default 1`] = `
Object {
  "args": Object {},
  "description": undefined,
  "inheritedFrom": undefined,
  "metadata": Object {
    "acl": Object {
      "create": Array [],
      "delete": Array [],
      "read": Array [],
      "update": Array [],
    },
    "persistence": Object {
      "derived": false,
      "identity": false,
      "indexed": false,
      "indexes": Object {},
      "persistent": true,
      "required": false,
    },
  },
  "name": "defaultField",
  "title": undefined,
}
`;
