// Jest Snapshot v1, https://goo.gl/fbAQLP

exports[`Entity default: toObject 1`] = `
Object {
  "abstract": true,
  "description": undefined,
  "embedded": true,
  "fields": Array [
    Object {
      "args": Object {},
      "defaultValue": undefined,
      "derived": false,
      "description": undefined,
      "entity": "A",
      "identity": true,
      "indexed": true,
      "inheritedFrom": undefined,
      "list": false,
      "metadata": Object {
        "acl": Object {
          "read": Array [],
          "update": Array [],
        },
        "entity": "A",
        "order": -1,
        "persistence": Object {
          "derived": false,
          "identity": true,
          "indexed": true,
          "persistent": true,
          "required": true,
        },
      },
      "name": "id",
      "order": -1,
      "persistent": true,
      "required": true,
      "title": undefined,
      "type": "ID",
    },
  ],
  "implements": Array [
    "IA",
  ],
  "metadata": Object {
    "UI": Object {
      "edit": Array [],
      "embedded": Array [],
      "hidden": Array [],
      "list": Array [],
      "listName": Array [],
      "quickSearch": Array [],
      "show": Array [],
    },
    "acl": Object {
      "create": Array [],
      "delete": Array [],
      "readMany": Array [],
      "readOne": Array [],
      "update": Array [],
    },
    "name": Object {
      "plural": "As",
      "singular": "A",
    },
    "persistence": Object {
      "indexes": Object {},
    },
    "titlePlural": "As",
  },
  "name": "A",
  "operations": Array [],
  "title": undefined,
}
`;
