// Jest Snapshot v1, https://goo.gl/fbAQLP

exports[`PackageBase should update package with all the things: toObject 1`] = `
Object {
  "description": undefined,
  "directives": Array [
    Object {
      "args": Array [],
      "description": undefined,
      "metadata": Object {},
      "name": "directive",
      "on": Array [
        "FIELD",
      ],
      "title": undefined,
    },
  ],
  "entities": Array [
    Object {
      "abstract": false,
      "description": undefined,
      "embedded": false,
      "fields": Array [
        Object {
          "args": Object {},
          "description": undefined,
          "inheritedFrom": undefined,
          "metadata": Object {
            "acl": Object {
              "read": Array [],
              "update": Array [],
            },
            "entity": "Entity",
            "order": -1,
            "persistence": Object {
              "derived": false,
              "identity": true,
              "indexed": true,
              "persistent": true,
              "required": true,
            },
          },
          "multiplicity": "one",
          "name": "id",
          "title": undefined,
          "type": Object {
            "name": "ID",
            "type": "scalar",
          },
        },
      ],
      "implements": Array [],
      "metadata": Object {
        "UI": Object {
          "edit": Array [],
          "embedded": Array [],
          "hidden": Array [],
          "list": Array [],
          "listName": Array [],
          "quickSearch": Array [],
          "show": Array [],
        },
        "acl": Object {
          "create": Array [],
          "delete": Array [],
          "readMany": Array [],
          "readOne": Array [],
          "update": Array [],
        },
        "name": Object {
          "plural": "Entities",
          "singular": "Entity",
        },
        "persistence": Object {
          "indexes": Object {},
        },
        "titlePlural": "Entities",
      },
      "name": "Entity",
      "operations": Array [],
      "title": undefined,
    },
  ],
  "enums": Array [
    Object {
      "description": undefined,
      "items": Array [
        Object {
          "description": undefined,
          "metadata": Object {},
          "name": "value",
          "title": undefined,
          "value": undefined,
        },
      ],
      "metadata": Object {},
      "name": "enum",
      "title": undefined,
    },
  ],
  "metadata": Object {},
  "mixins": Array [
    Object {
      "description": undefined,
      "fields": Array [
        Object {
          "args": Object {},
          "description": undefined,
          "inheritedFrom": undefined,
          "metadata": Object {
            "acl": Object {
              "read": Array [],
              "update": Array [],
            },
            "entity": "Mixin",
            "order": -1,
            "persistence": Object {
              "derived": false,
              "identity": true,
              "indexed": true,
              "persistent": true,
              "required": true,
            },
          },
          "multiplicity": "one",
          "name": "id",
          "title": undefined,
          "type": Object {
            "name": "ID",
            "type": "scalar",
          },
        },
      ],
      "metadata": Object {
        "UI": Object {
          "edit": Array [],
          "embedded": Array [],
          "hidden": Array [],
          "list": Array [],
          "listName": Array [],
          "quickSearch": Array [],
          "show": Array [],
        },
        "acl": Object {
          "create": Array [],
          "delete": Array [],
          "readMany": Array [],
          "readOne": Array [],
          "update": Array [],
        },
        "name": Object {
          "plural": "Mixins",
          "singular": "Mixin",
        },
        "persistence": Object {
          "indexes": Object {},
        },
        "titlePlural": "Mixins",
      },
      "name": "Mixin",
      "operations": Array [],
      "title": undefined,
    },
  ],
  "mutations": Array [
    Object {
      "args": Array [
        Object {
          "description": undefined,
          "metadata": Object {
            "required": false,
          },
          "multiplicity": "one",
          "name": "arg",
          "title": undefined,
          "type": Object {
            "name": "String",
            "type": "scalar",
          },
        },
      ],
      "description": undefined,
      "metadata": Object {
        "acl": Object {
          "execute": Array [],
        },
      },
      "name": "mutation",
      "payload": Array [
        Object {
          "description": undefined,
          "metadata": Object {
            "required": false,
          },
          "multiplicity": "one",
          "name": "payload",
          "title": undefined,
          "type": Object {
            "name": "String",
            "type": "scalar",
          },
        },
      ],
      "title": undefined,
    },
  ],
  "name": "A",
  "queries": Array [
    Object {
      "args": Array [
        Object {
          "description": undefined,
          "metadata": Object {
            "required": false,
          },
          "multiplicity": "one",
          "name": "arg",
          "title": undefined,
          "type": Object {
            "name": "String",
            "type": "scalar",
          },
        },
      ],
      "description": undefined,
      "metadata": Object {
        "acl": Object {
          "execute": Array [],
        },
      },
      "name": "mutation",
      "payload": Array [
        Object {
          "description": undefined,
          "metadata": Object {
            "required": false,
          },
          "multiplicity": "one",
          "name": "payload",
          "title": undefined,
          "type": Object {
            "name": "String",
            "type": "scalar",
          },
        },
      ],
      "title": undefined,
    },
  ],
  "title": undefined,
  "unions": Array [
    Object {
      "description": undefined,
      "items": Array [
        "enum",
        "entity",
      ],
      "metadata": Object {},
      "name": "Union",
      "title": undefined,
    },
  ],
}
`;
